// Jest Snapshot v1, https://goo.gl/fbAQLP

exports[`renders homepage unchanged 1`] = `
<div>
  <div
    class="chakra-container css-10amnhh"
  >
    <form>
      <label>
        Container A size:
        <input
          name="sizeA"
          required=""
          type="number"
        />
      </label>
      <br />
      <label>
        Container B size:
        <input
          name="sizeB"
          required=""
          type="number"
        />
      </label>
      <br />
      <label>
        Target amount:
        <input
          name="target"
          required=""
          type="number"
        />
      </label>
      <br />
      <button
        type="submit"
      >
        Solve
      </button>
    </form>
  </div>
</div>
`;
